{
  "$type": "ContactsStore.Entities.Contact, ContactsStore.Parts.Contacts",
  "OwnerId": 1,
  "Person": {
    "$type": "ContactsStore.Entities.Information.Person, ContactsStore.Dependencies.Database",
    "PersonId": 3,
    "Name": "unit",
    "Surname": "test",
    "PhoneNumbers": [],
    "EmailAddresses": []
  },
  "PersonId": 3,
  "Description": "unit test contact"
}