{
  "$type": "ContactsStore.Entities.Contact, ContactsStore.Parts.Contacts",
  "OwnerId": 1,
  "PersonId": 3,
  "Description": "edited unit test contact"
}